Archive member included because of file (symbol)

c:/users/yasser/desktop/embedded/amit/tools/sdk_win_64/winavr/bin/../lib/gcc/avr/4.3.3/avr5\libgcc.a(_udivmodsi4.o)
                              ./TMU_prog.o (__udivmodsi4)
c:/users/yasser/desktop/embedded/amit/tools/sdk_win_64/winavr/bin/../lib/gcc/avr/4.3.3/avr5\libgcc.a(_exit.o)
                              c:/users/yasser/desktop/embedded/amit/tools/sdk_win_64/winavr/bin/../lib/gcc/avr/4.3.3/../../../../avr/lib/avr5/crtm32.o (exit)
c:/users/yasser/desktop/embedded/amit/tools/sdk_win_64/winavr/bin/../lib/gcc/avr/4.3.3/avr5\libgcc.a(_clear_bss.o)
                              ./TMU_prog.o (__do_clear_bss)

Memory Configuration

Name             Origin             Length             Attributes
text             0x00000000         0x00020000         xr
data             0x00800060         0x0000ffa0         rw !x
eeprom           0x00810000         0x00010000         rw !x
fuse             0x00820000         0x00000400         rw !x
lock             0x00830000         0x00000400         rw !x
signature        0x00840000         0x00000400         rw !x
*default*        0x00000000         0xffffffff

Linker script and memory map

LOAD c:/users/yasser/desktop/embedded/amit/tools/sdk_win_64/winavr/bin/../lib/gcc/avr/4.3.3/../../../../avr/lib/avr5/crtm32.o
LOAD ./DIO/DIO_prog.o
LOAD ./TMU_prog.o
LOAD ./main.o
LOAD c:/users/yasser/desktop/embedded/amit/tools/sdk_win_64/winavr/bin/../lib/gcc/avr/4.3.3/avr5\libgcc.a
LOAD c:/users/yasser/desktop/embedded/amit/tools/sdk_win_64/winavr/bin/../lib/gcc/avr/4.3.3/../../../../avr/lib/avr5\libc.a
LOAD c:/users/yasser/desktop/embedded/amit/tools/sdk_win_64/winavr/bin/../lib/gcc/avr/4.3.3/avr5\libgcc.a

.hash
 *(.hash)

.dynsym
 *(.dynsym)

.dynstr
 *(.dynstr)

.gnu.version
 *(.gnu.version)

.gnu.version_d
 *(.gnu.version_d)

.gnu.version_r
 *(.gnu.version_r)

.rel.init
 *(.rel.init)

.rela.init
 *(.rela.init)

.rel.text
 *(.rel.text)
 *(.rel.text.*)
 *(.rel.gnu.linkonce.t*)

.rela.text
 *(.rela.text)
 *(.rela.text.*)
 *(.rela.gnu.linkonce.t*)

.rel.fini
 *(.rel.fini)

.rela.fini
 *(.rela.fini)

.rel.rodata
 *(.rel.rodata)
 *(.rel.rodata.*)
 *(.rel.gnu.linkonce.r*)

.rela.rodata
 *(.rela.rodata)
 *(.rela.rodata.*)
 *(.rela.gnu.linkonce.r*)

.rel.data
 *(.rel.data)
 *(.rel.data.*)
 *(.rel.gnu.linkonce.d*)

.rela.data
 *(.rela.data)
 *(.rela.data.*)
 *(.rela.gnu.linkonce.d*)

.rel.ctors
 *(.rel.ctors)

.rela.ctors
 *(.rela.ctors)

.rel.dtors
 *(.rel.dtors)

.rela.dtors
 *(.rela.dtors)

.rel.got
 *(.rel.got)

.rela.got
 *(.rela.got)

.rel.bss
 *(.rel.bss)

.rela.bss
 *(.rela.bss)

.rel.plt
 *(.rel.plt)

.rela.plt
 *(.rela.plt)

.text           0x00000000      0xd5e
 *(.vectors)
 .vectors       0x00000000       0x54 c:/users/yasser/desktop/embedded/amit/tools/sdk_win_64/winavr/bin/../lib/gcc/avr/4.3.3/../../../../avr/lib/avr5/crtm32.o
                0x00000000                __vectors
                0x00000000                __vector_default
 *(.vectors)
 *(.progmem.gcc*)
 *(.progmem*)
                0x00000054                . = ALIGN (0x2)
                0x00000054                __trampolines_start = .
 *(.trampolines)
 .trampolines   0x00000054        0x0 linker stubs
 *(.trampolines*)
                0x00000054                __trampolines_end = .
 *(.jumptables)
 *(.jumptables*)
 *(.lowtext)
 *(.lowtext*)
                0x00000054                __ctors_start = .
 *(.ctors)
                0x00000054                __ctors_end = .
                0x00000054                __dtors_start = .
 *(.dtors)
                0x00000054                __dtors_end = .
 SORT(*)(.ctors)
 SORT(*)(.dtors)
 *(.init0)
 .init0         0x00000054        0x0 c:/users/yasser/desktop/embedded/amit/tools/sdk_win_64/winavr/bin/../lib/gcc/avr/4.3.3/../../../../avr/lib/avr5/crtm32.o
                0x00000054                __init
 *(.init0)
 *(.init1)
 *(.init1)
 *(.init2)
 .init2         0x00000054        0xc c:/users/yasser/desktop/embedded/amit/tools/sdk_win_64/winavr/bin/../lib/gcc/avr/4.3.3/../../../../avr/lib/avr5/crtm32.o
 *(.init2)
 *(.init3)
 *(.init3)
 *(.init4)
 .init4         0x00000060       0x10 c:/users/yasser/desktop/embedded/amit/tools/sdk_win_64/winavr/bin/../lib/gcc/avr/4.3.3/avr5\libgcc.a(_clear_bss.o)
                0x00000060                __do_clear_bss
 *(.init4)
 *(.init5)
 *(.init5)
 *(.init6)
 *(.init6)
 *(.init7)
 *(.init7)
 *(.init8)
 *(.init8)
 *(.init9)
 .init9         0x00000070        0x8 c:/users/yasser/desktop/embedded/amit/tools/sdk_win_64/winavr/bin/../lib/gcc/avr/4.3.3/../../../../avr/lib/avr5/crtm32.o
 *(.init9)
 *(.text)
 .text          0x00000078        0x4 c:/users/yasser/desktop/embedded/amit/tools/sdk_win_64/winavr/bin/../lib/gcc/avr/4.3.3/../../../../avr/lib/avr5/crtm32.o
                0x00000078                __vector_1
                0x00000078                __vector_12
                0x00000078                __bad_interrupt
                0x00000078                __vector_6
                0x00000078                __vector_3
                0x00000078                __vector_13
                0x00000078                __vector_17
                0x00000078                __vector_19
                0x00000078                __vector_7
                0x00000078                __vector_5
                0x00000078                __vector_4
                0x00000078                __vector_9
                0x00000078                __vector_2
                0x00000078                __vector_15
                0x00000078                __vector_8
                0x00000078                __vector_14
                0x00000078                __vector_16
                0x00000078                __vector_18
                0x00000078                __vector_20
 .text          0x0000007c        0x0 ./DIO/DIO_prog.o
 .text          0x0000007c        0x0 ./TMU_prog.o
 .text          0x0000007c        0x0 ./main.o
 .text          0x0000007c        0x0 c:/users/yasser/desktop/embedded/amit/tools/sdk_win_64/winavr/bin/../lib/gcc/avr/4.3.3/avr5\libgcc.a(_udivmodsi4.o)
 .text          0x0000007c        0x0 c:/users/yasser/desktop/embedded/amit/tools/sdk_win_64/winavr/bin/../lib/gcc/avr/4.3.3/avr5\libgcc.a(_exit.o)
 .text          0x0000007c        0x0 c:/users/yasser/desktop/embedded/amit/tools/sdk_win_64/winavr/bin/../lib/gcc/avr/4.3.3/avr5\libgcc.a(_clear_bss.o)
                0x0000007c                . = ALIGN (0x2)
 *(.text.*)
 .text.DIO_enuInit
                0x0000007c       0x18 ./DIO/DIO_prog.o
                0x0000007c                DIO_enuInit
 .text.DIO_enuSetPinDirection
                0x00000094      0x1d8 ./DIO/DIO_prog.o
                0x00000094                DIO_enuSetPinDirection
 .text.DIO_enuSetPinValue
                0x0000026c      0x1de ./DIO/DIO_prog.o
                0x0000026c                DIO_enuSetPinValue
 .text.DIO_enuTogglePinValue
                0x0000044a      0x11c ./DIO/DIO_prog.o
                0x0000044a                DIO_enuTogglePinValue
 .text.DIO_enuGetPinValue
                0x00000566      0x13c ./DIO/DIO_prog.o
                0x00000566                DIO_enuGetPinValue
 .text.TMU_vidInit
                0x000006a2       0x38 ./TMU_prog.o
                0x000006a2                TMU_vidInit
 .text.TMU_vidCreateTask
                0x000006da       0xe8 ./TMU_prog.o
                0x000006da                TMU_vidCreateTask
 .text.TMU_vidStartScheduler
                0x000007c2      0x16c ./TMU_prog.o
                0x000007c2                TMU_vidStartScheduler
 .text.TMU_vidDeleteTask
                0x0000092e       0x52 ./TMU_prog.o
                0x0000092e                TMU_vidDeleteTask
 .text.TMU_vidPauseTask
                0x00000980       0x36 ./TMU_prog.o
                0x00000980                TMU_vidPauseTask
 .text.TMU_vidResumeTask
                0x000009b6       0x36 ./TMU_prog.o
                0x000009b6                TMU_vidResumeTask
 .text.__vector_10
                0x000009ec       0x70 ./TMU_prog.o
                0x000009ec                __vector_10
 .text.__vector_11
                0x00000a5c       0x82 ./TMU_prog.o
                0x00000a5c                __vector_11
 .text.main     0x00000ade       0x98 ./main.o
                0x00000ade                main
 .text.t2       0x00000b76      0x14a ./main.o
                0x00000b76                t2
 .text.t1       0x00000cc0       0x36 ./main.o
                0x00000cc0                t1
 .text.t3       0x00000cf6       0x20 ./main.o
                0x00000cf6                t3
 .text.libgcc   0x00000d16       0x44 c:/users/yasser/desktop/embedded/amit/tools/sdk_win_64/winavr/bin/../lib/gcc/avr/4.3.3/avr5\libgcc.a(_udivmodsi4.o)
                0x00000d16                __udivmodsi4
 .text.libgcc   0x00000d5a        0x0 c:/users/yasser/desktop/embedded/amit/tools/sdk_win_64/winavr/bin/../lib/gcc/avr/4.3.3/avr5\libgcc.a(_exit.o)
 .text.libgcc   0x00000d5a        0x0 c:/users/yasser/desktop/embedded/amit/tools/sdk_win_64/winavr/bin/../lib/gcc/avr/4.3.3/avr5\libgcc.a(_clear_bss.o)
                0x00000d5a                . = ALIGN (0x2)
 *(.fini9)
 .fini9         0x00000d5a        0x0 c:/users/yasser/desktop/embedded/amit/tools/sdk_win_64/winavr/bin/../lib/gcc/avr/4.3.3/avr5\libgcc.a(_exit.o)
                0x00000d5a                exit
                0x00000d5a                _exit
 *(.fini9)
 *(.fini8)
 *(.fini8)
 *(.fini7)
 *(.fini7)
 *(.fini6)
 *(.fini6)
 *(.fini5)
 *(.fini5)
 *(.fini4)
 *(.fini4)
 *(.fini3)
 *(.fini3)
 *(.fini2)
 *(.fini2)
 *(.fini1)
 *(.fini1)
 *(.fini0)
 .fini0         0x00000d5a        0x4 c:/users/yasser/desktop/embedded/amit/tools/sdk_win_64/winavr/bin/../lib/gcc/avr/4.3.3/avr5\libgcc.a(_exit.o)
 *(.fini0)
                0x00000d5e                _etext = .

.data           0x00800060        0x0 load address 0x00000d5e
                0x00800060                PROVIDE (__data_start, .)
 *(.data)
 .data          0x00800060        0x0 c:/users/yasser/desktop/embedded/amit/tools/sdk_win_64/winavr/bin/../lib/gcc/avr/4.3.3/../../../../avr/lib/avr5/crtm32.o
 .data          0x00800060        0x0 ./DIO/DIO_prog.o
 .data          0x00800060        0x0 ./TMU_prog.o
 .data          0x00800060        0x0 ./main.o
 .data          0x00800060        0x0 c:/users/yasser/desktop/embedded/amit/tools/sdk_win_64/winavr/bin/../lib/gcc/avr/4.3.3/avr5\libgcc.a(_udivmodsi4.o)
 .data          0x00800060        0x0 c:/users/yasser/desktop/embedded/amit/tools/sdk_win_64/winavr/bin/../lib/gcc/avr/4.3.3/avr5\libgcc.a(_exit.o)
 .data          0x00800060        0x0 c:/users/yasser/desktop/embedded/amit/tools/sdk_win_64/winavr/bin/../lib/gcc/avr/4.3.3/avr5\libgcc.a(_clear_bss.o)
 *(.data*)
 *(.rodata)
 *(.rodata*)
 *(.gnu.linkonce.d*)
                0x00800060                . = ALIGN (0x2)
                0x00800060                _edata = .
                0x00800060                PROVIDE (__data_end, .)

.bss            0x00800060       0x22
                0x00800060                PROVIDE (__bss_start, .)
 *(.bss)
 .bss           0x00800060        0x0 c:/users/yasser/desktop/embedded/amit/tools/sdk_win_64/winavr/bin/../lib/gcc/avr/4.3.3/../../../../avr/lib/avr5/crtm32.o
 .bss           0x00800060        0x0 ./DIO/DIO_prog.o
 .bss           0x00800060        0x0 ./TMU_prog.o
 .bss           0x00800060        0x0 ./main.o
 .bss           0x00800060        0x0 c:/users/yasser/desktop/embedded/amit/tools/sdk_win_64/winavr/bin/../lib/gcc/avr/4.3.3/avr5\libgcc.a(_udivmodsi4.o)
 .bss           0x00800060        0x0 c:/users/yasser/desktop/embedded/amit/tools/sdk_win_64/winavr/bin/../lib/gcc/avr/4.3.3/avr5\libgcc.a(_exit.o)
 .bss           0x00800060        0x0 c:/users/yasser/desktop/embedded/amit/tools/sdk_win_64/winavr/bin/../lib/gcc/avr/4.3.3/avr5\libgcc.a(_clear_bss.o)
 *(.bss*)
 .bss.TMU_u8ISRNum
                0x00800060        0x1 ./TMU_prog.o
 .bss.TMU_u8ISRCount
                0x00800061        0x1 ./TMU_prog.o
 .bss.TMU_u8Preload
                0x00800062        0x1 ./TMU_prog.o
 .bss.All_Tasks
                0x00800063       0x18 ./TMU_prog.o
 .bss.TMU_u32OsTicks
                0x0080007b        0x4 ./TMU_prog.o
 .bss.hold.1246
                0x0080007f        0x1 ./main.o
 .bss.unpress.1245
                0x00800080        0x1 ./main.o
 .bss.press.1244
                0x00800081        0x1 ./main.o
 *(COMMON)
                0x00800082                PROVIDE (__bss_end, .)
                0x00000d5e                __data_load_start = LOADADDR (.data)
                0x00000d5e                __data_load_end = (__data_load_start + SIZEOF (.data))

.noinit         0x00800082        0x0
                0x00800082                PROVIDE (__noinit_start, .)
 *(.noinit*)
                0x00800082                PROVIDE (__noinit_end, .)
                0x00800082                _end = .
                0x00800082                PROVIDE (__heap_start, .)

.eeprom         0x00810000        0x0
 *(.eeprom*)
                0x00810000                __eeprom_end = .

.fuse
 *(.fuse)
 *(.lfuse)
 *(.hfuse)
 *(.efuse)

.lock
 *(.lock*)

.signature
 *(.signature*)

.stab           0x00000000      0xf30
 *(.stab)
 .stab          0x00000000      0x5f4 ./DIO/DIO_prog.o
 .stab          0x000005f4      0x51c ./TMU_prog.o
                                0x528 (size before relaxing)
 .stab          0x00000b10      0x420 ./main.o
                                0x4a4 (size before relaxing)

.stabstr        0x00000000      0x7d0
 *(.stabstr)
 .stabstr       0x00000000      0x7d0 ./DIO/DIO_prog.o

.stab.excl
 *(.stab.excl)

.stab.exclstr
 *(.stab.exclstr)

.stab.index
 *(.stab.index)

.stab.indexstr
 *(.stab.indexstr)

.comment
 *(.comment)

.debug
 *(.debug)

.line
 *(.line)

.debug_srcinfo
 *(.debug_srcinfo)

.debug_sfnames
 *(.debug_sfnames)

.debug_aranges
 *(.debug_aranges)

.debug_pubnames
 *(.debug_pubnames)

.debug_info
 *(.debug_info)
 *(.gnu.linkonce.wi.*)

.debug_abbrev
 *(.debug_abbrev)

.debug_line
 *(.debug_line)

.debug_frame
 *(.debug_frame)

.debug_str
 *(.debug_str)

.debug_loc
 *(.debug_loc)

.debug_macinfo
 *(.debug_macinfo)
OUTPUT(TMU.elf elf32-avr)
LOAD linker stubs
