Archive member included because of file (symbol)

d:/amit_course/masters/drive/sdk_win_64/winavr/bin/../lib/gcc/avr/4.3.3/avr5\libgcc.a(_udivmodqi4.o)
                              ./main.o (__udivmodqi4)
d:/amit_course/masters/drive/sdk_win_64/winavr/bin/../lib/gcc/avr/4.3.3/avr5\libgcc.a(_divmodhi4.o)
                              ./SevSeg/SevSeg_prog.o (__divmodhi4)
d:/amit_course/masters/drive/sdk_win_64/winavr/bin/../lib/gcc/avr/4.3.3/avr5\libgcc.a(_udivmodsi4.o)
                              ./TMU_prog.o (__udivmodsi4)
d:/amit_course/masters/drive/sdk_win_64/winavr/bin/../lib/gcc/avr/4.3.3/avr5\libgcc.a(_exit.o)
                              d:/amit_course/masters/drive/sdk_win_64/winavr/bin/../lib/gcc/avr/4.3.3/../../../../avr/lib/avr5/crtm32.o (exit)
d:/amit_course/masters/drive/sdk_win_64/winavr/bin/../lib/gcc/avr/4.3.3/avr5\libgcc.a(_copy_data.o)
                              ./Switch/Switch_config.o (__do_copy_data)
d:/amit_course/masters/drive/sdk_win_64/winavr/bin/../lib/gcc/avr/4.3.3/avr5\libgcc.a(_clear_bss.o)
                              ./TMU_prog.o (__do_clear_bss)
d:/amit_course/masters/drive/sdk_win_64/winavr/bin/../lib/gcc/avr/4.3.3/avr5\libgcc.a(_udivmodhi4.o)
                              d:/amit_course/masters/drive/sdk_win_64/winavr/bin/../lib/gcc/avr/4.3.3/avr5\libgcc.a(_divmodhi4.o) (__udivmodhi4)

Memory Configuration

Name             Origin             Length             Attributes
text             0x00000000         0x00020000         xr
data             0x00800060         0x0000ffa0         rw !x
eeprom           0x00810000         0x00010000         rw !x
fuse             0x00820000         0x00000400         rw !x
lock             0x00830000         0x00000400         rw !x
signature        0x00840000         0x00000400         rw !x
*default*        0x00000000         0xffffffff

Linker script and memory map

LOAD d:/amit_course/masters/drive/sdk_win_64/winavr/bin/../lib/gcc/avr/4.3.3/../../../../avr/lib/avr5/crtm32.o
LOAD ./Switch/Switch_config.o
LOAD ./Switch/Switch_prog.o
LOAD ./SevSeg/SevSeg_config.o
LOAD ./SevSeg/SevSeg_prog.o
LOAD ./LD/LD_config.o
LOAD ./LD/LD_prog.o
LOAD ./DIO/DIO_prog.o
LOAD ./TMU_prog.o
LOAD ./main.o
LOAD d:/amit_course/masters/drive/sdk_win_64/winavr/bin/../lib/gcc/avr/4.3.3/avr5\libgcc.a
LOAD d:/amit_course/masters/drive/sdk_win_64/winavr/bin/../lib/gcc/avr/4.3.3/../../../../avr/lib/avr5\libc.a
LOAD d:/amit_course/masters/drive/sdk_win_64/winavr/bin/../lib/gcc/avr/4.3.3/avr5\libgcc.a

.hash
 *(.hash)

.dynsym
 *(.dynsym)

.dynstr
 *(.dynstr)

.gnu.version
 *(.gnu.version)

.gnu.version_d
 *(.gnu.version_d)

.gnu.version_r
 *(.gnu.version_r)

.rel.init
 *(.rel.init)

.rela.init
 *(.rela.init)

.rel.text
 *(.rel.text)
 *(.rel.text.*)
 *(.rel.gnu.linkonce.t*)

.rela.text
 *(.rela.text)
 *(.rela.text.*)
 *(.rela.gnu.linkonce.t*)

.rel.fini
 *(.rel.fini)

.rela.fini
 *(.rela.fini)

.rel.rodata
 *(.rel.rodata)
 *(.rel.rodata.*)
 *(.rel.gnu.linkonce.r*)

.rela.rodata
 *(.rela.rodata)
 *(.rela.rodata.*)
 *(.rela.gnu.linkonce.r*)

.rel.data
 *(.rel.data)
 *(.rel.data.*)
 *(.rel.gnu.linkonce.d*)

.rela.data
 *(.rela.data)
 *(.rela.data.*)
 *(.rela.gnu.linkonce.d*)

.rel.ctors
 *(.rel.ctors)

.rela.ctors
 *(.rela.ctors)

.rel.dtors
 *(.rel.dtors)

.rela.dtors
 *(.rela.dtors)

.rel.got
 *(.rel.got)

.rela.got
 *(.rela.got)

.rel.bss
 *(.rel.bss)

.rela.bss
 *(.rela.bss)

.rel.plt
 *(.rel.plt)

.rela.plt
 *(.rela.plt)

.text           0x00000000     0x1950
 *(.vectors)
 .vectors       0x00000000       0x54 d:/amit_course/masters/drive/sdk_win_64/winavr/bin/../lib/gcc/avr/4.3.3/../../../../avr/lib/avr5/crtm32.o
                0x00000000                __vectors
                0x00000000                __vector_default
 *(.vectors)
 *(.progmem.gcc*)
 *(.progmem*)
                0x00000054                . = ALIGN (0x2)
                0x00000054                __trampolines_start = .
 *(.trampolines)
 .trampolines   0x00000054        0x0 linker stubs
 *(.trampolines*)
                0x00000054                __trampolines_end = .
 *(.jumptables)
 *(.jumptables*)
 *(.lowtext)
 *(.lowtext*)
                0x00000054                __ctors_start = .
 *(.ctors)
                0x00000054                __ctors_end = .
                0x00000054                __dtors_start = .
 *(.dtors)
                0x00000054                __dtors_end = .
 SORT(*)(.ctors)
 SORT(*)(.dtors)
 *(.init0)
 .init0         0x00000054        0x0 d:/amit_course/masters/drive/sdk_win_64/winavr/bin/../lib/gcc/avr/4.3.3/../../../../avr/lib/avr5/crtm32.o
                0x00000054                __init
 *(.init0)
 *(.init1)
 *(.init1)
 *(.init2)
 .init2         0x00000054        0xc d:/amit_course/masters/drive/sdk_win_64/winavr/bin/../lib/gcc/avr/4.3.3/../../../../avr/lib/avr5/crtm32.o
 *(.init2)
 *(.init3)
 *(.init3)
 *(.init4)
 .init4         0x00000060       0x16 d:/amit_course/masters/drive/sdk_win_64/winavr/bin/../lib/gcc/avr/4.3.3/avr5\libgcc.a(_copy_data.o)
                0x00000060                __do_copy_data
 .init4         0x00000076       0x10 d:/amit_course/masters/drive/sdk_win_64/winavr/bin/../lib/gcc/avr/4.3.3/avr5\libgcc.a(_clear_bss.o)
                0x00000076                __do_clear_bss
 *(.init4)
 *(.init5)
 *(.init5)
 *(.init6)
 *(.init6)
 *(.init7)
 *(.init7)
 *(.init8)
 *(.init8)
 *(.init9)
 .init9         0x00000086        0x8 d:/amit_course/masters/drive/sdk_win_64/winavr/bin/../lib/gcc/avr/4.3.3/../../../../avr/lib/avr5/crtm32.o
 *(.init9)
 *(.text)
 .text          0x0000008e        0x4 d:/amit_course/masters/drive/sdk_win_64/winavr/bin/../lib/gcc/avr/4.3.3/../../../../avr/lib/avr5/crtm32.o
                0x0000008e                __vector_1
                0x0000008e                __vector_12
                0x0000008e                __bad_interrupt
                0x0000008e                __vector_6
                0x0000008e                __vector_3
                0x0000008e                __vector_13
                0x0000008e                __vector_17
                0x0000008e                __vector_19
                0x0000008e                __vector_7
                0x0000008e                __vector_5
                0x0000008e                __vector_4
                0x0000008e                __vector_9
                0x0000008e                __vector_2
                0x0000008e                __vector_15
                0x0000008e                __vector_8
                0x0000008e                __vector_14
                0x0000008e                __vector_16
                0x0000008e                __vector_18
                0x0000008e                __vector_20
 .text          0x00000092        0x0 ./Switch/Switch_config.o
 .text          0x00000092        0x0 ./Switch/Switch_prog.o
 .text          0x00000092        0x0 ./SevSeg/SevSeg_config.o
 .text          0x00000092        0x0 ./SevSeg/SevSeg_prog.o
 .text          0x00000092        0x0 ./LD/LD_config.o
 .text          0x00000092        0x0 ./LD/LD_prog.o
 .text          0x00000092        0x0 ./DIO/DIO_prog.o
 .text          0x00000092        0x0 ./TMU_prog.o
 .text          0x00000092        0x0 ./main.o
 .text          0x00000092        0x0 d:/amit_course/masters/drive/sdk_win_64/winavr/bin/../lib/gcc/avr/4.3.3/avr5\libgcc.a(_udivmodqi4.o)
 .text          0x00000092        0x0 d:/amit_course/masters/drive/sdk_win_64/winavr/bin/../lib/gcc/avr/4.3.3/avr5\libgcc.a(_divmodhi4.o)
 .text          0x00000092        0x0 d:/amit_course/masters/drive/sdk_win_64/winavr/bin/../lib/gcc/avr/4.3.3/avr5\libgcc.a(_udivmodsi4.o)
 .text          0x00000092        0x0 d:/amit_course/masters/drive/sdk_win_64/winavr/bin/../lib/gcc/avr/4.3.3/avr5\libgcc.a(_exit.o)
 .text          0x00000092        0x0 d:/amit_course/masters/drive/sdk_win_64/winavr/bin/../lib/gcc/avr/4.3.3/avr5\libgcc.a(_copy_data.o)
 .text          0x00000092        0x0 d:/amit_course/masters/drive/sdk_win_64/winavr/bin/../lib/gcc/avr/4.3.3/avr5\libgcc.a(_clear_bss.o)
 .text          0x00000092        0x0 d:/amit_course/masters/drive/sdk_win_64/winavr/bin/../lib/gcc/avr/4.3.3/avr5\libgcc.a(_udivmodhi4.o)
                0x00000092                . = ALIGN (0x2)
 *(.text.*)
 .text.Switch_enuInit
                0x00000092       0xde ./Switch/Switch_prog.o
                0x00000092                Switch_enuInit
 .text.Switch_enuGetPressed
                0x00000170       0x7c ./Switch/Switch_prog.o
                0x00000170                Switch_enuGetPressed
 .text.SevSeg_enuInit
                0x000001ec      0x25c ./SevSeg/SevSeg_prog.o
                0x000001ec                SevSeg_enuInit
 .text.SevSeg_enuSetDigitValue
                0x00000448       0xf2 ./SevSeg/SevSeg_prog.o
                0x00000448                SevSeg_enuSetDigitValue
 .text.SevSeg_enuSetDIPValue
                0x0000053a       0xa0 ./SevSeg/SevSeg_prog.o
                0x0000053a                SevSeg_enuSetDIPValue
 .text.SevSeg_enuFrameDelay
                0x000005da       0x5a ./SevSeg/SevSeg_prog.o
                0x000005da                SevSeg_enuFrameDelay
 .text.SevSeg_enuModuleControl
                0x00000634       0xae ./SevSeg/SevSeg_prog.o
                0x00000634                SevSeg_enuModuleControl
 .text.LD_enuInit
                0x000006e2       0xae ./LD/LD_prog.o
                0x000006e2                LD_enuInit
 .text.LD_enuSetState
                0x00000790       0x74 ./LD/LD_prog.o
                0x00000790                LD_enuSetState
 .text.DIO_enuInit
                0x00000804       0x16 ./DIO/DIO_prog.o
                0x00000804                DIO_enuInit
 .text.DIO_enuSetPinDirection
                0x0000081a      0x1d8 ./DIO/DIO_prog.o
                0x0000081a                DIO_enuSetPinDirection
 .text.DIO_enuSetPinValue
                0x000009f2      0x1de ./DIO/DIO_prog.o
                0x000009f2                DIO_enuSetPinValue
 .text.DIO_enuTogglePinValue
                0x00000bd0      0x11c ./DIO/DIO_prog.o
                0x00000bd0                DIO_enuTogglePinValue
 .text.DIO_enuGetPinValue
                0x00000cec      0x13c ./DIO/DIO_prog.o
                0x00000cec                DIO_enuGetPinValue
 .text.TMU_vidInit
                0x00000e28       0x38 ./TMU_prog.o
                0x00000e28                TMU_vidInit
 .text.TMU_vidCreateTask
                0x00000e60       0xe8 ./TMU_prog.o
                0x00000e60                TMU_vidCreateTask
 .text.TMU_vidStartScheduler
                0x00000f48      0x16c ./TMU_prog.o
                0x00000f48                TMU_vidStartScheduler
 .text.TMU_vidDeleteTask
                0x000010b4       0x52 ./TMU_prog.o
                0x000010b4                TMU_vidDeleteTask
 .text.TMU_vidPauseTask
                0x00001106       0x36 ./TMU_prog.o
                0x00001106                TMU_vidPauseTask
 .text.TMU_vidResumeTask
                0x0000113c       0x36 ./TMU_prog.o
                0x0000113c                TMU_vidResumeTask
 .text.__vector_10
                0x00001172       0x70 ./TMU_prog.o
                0x00001172                __vector_10
 .text.__vector_11
                0x000011e2       0x82 ./TMU_prog.o
                0x000011e2                __vector_11
 .text.main     0x00001264      0x132 ./main.o
                0x00001264                main
 .text.CheckTrafficStatus
                0x00001396      0x13a ./main.o
                0x00001396                CheckTrafficStatus
 .text.CheckIncrementSwitch
                0x000014d0      0x124 ./main.o
                0x000014d0                CheckIncrementSwitch
 .text.CheckDecrementSwitch
                0x000015f4      0x124 ./main.o
                0x000015f4                CheckDecrementSwitch
 .text.DisplayCounter
                0x00001718       0xa6 ./main.o
                0x00001718                DisplayCounter
 .text.RedLampStatus
                0x000017be       0x4c ./main.o
                0x000017be                RedLampStatus
 .text.YellowLampStatus
                0x0000180a       0x4c ./main.o
                0x0000180a                YellowLampStatus
 .text.GreenLampStatus
                0x00001856       0x4c ./main.o
                0x00001856                GreenLampStatus
 .text.libgcc   0x000018a2       0x18 d:/amit_course/masters/drive/sdk_win_64/winavr/bin/../lib/gcc/avr/4.3.3/avr5\libgcc.a(_udivmodqi4.o)
                0x000018a2                __udivmodqi4
 .text.libgcc   0x000018ba       0x26 d:/amit_course/masters/drive/sdk_win_64/winavr/bin/../lib/gcc/avr/4.3.3/avr5\libgcc.a(_divmodhi4.o)
                0x000018ba                __divmodhi4
                0x000018ba                _div
 .text.libgcc   0x000018e0       0x44 d:/amit_course/masters/drive/sdk_win_64/winavr/bin/../lib/gcc/avr/4.3.3/avr5\libgcc.a(_udivmodsi4.o)
                0x000018e0                __udivmodsi4
 .text.libgcc   0x00001924        0x0 d:/amit_course/masters/drive/sdk_win_64/winavr/bin/../lib/gcc/avr/4.3.3/avr5\libgcc.a(_exit.o)
 .text.libgcc   0x00001924        0x0 d:/amit_course/masters/drive/sdk_win_64/winavr/bin/../lib/gcc/avr/4.3.3/avr5\libgcc.a(_copy_data.o)
 .text.libgcc   0x00001924        0x0 d:/amit_course/masters/drive/sdk_win_64/winavr/bin/../lib/gcc/avr/4.3.3/avr5\libgcc.a(_clear_bss.o)
 .text.libgcc   0x00001924       0x28 d:/amit_course/masters/drive/sdk_win_64/winavr/bin/../lib/gcc/avr/4.3.3/avr5\libgcc.a(_udivmodhi4.o)
                0x00001924                __udivmodhi4
                0x0000194c                . = ALIGN (0x2)
 *(.fini9)
 .fini9         0x0000194c        0x0 d:/amit_course/masters/drive/sdk_win_64/winavr/bin/../lib/gcc/avr/4.3.3/avr5\libgcc.a(_exit.o)
                0x0000194c                exit
                0x0000194c                _exit
 *(.fini9)
 *(.fini8)
 *(.fini8)
 *(.fini7)
 *(.fini7)
 *(.fini6)
 *(.fini6)
 *(.fini5)
 *(.fini5)
 *(.fini4)
 *(.fini4)
 *(.fini3)
 *(.fini3)
 *(.fini2)
 *(.fini2)
 *(.fini1)
 *(.fini1)
 *(.fini0)
 .fini0         0x0000194c        0x4 d:/amit_course/masters/drive/sdk_win_64/winavr/bin/../lib/gcc/avr/4.3.3/avr5\libgcc.a(_exit.o)
 *(.fini0)
                0x00001950                _etext = .

.data           0x00800060       0x38 load address 0x00001950
                0x00800060                PROVIDE (__data_start, .)
 *(.data)
 .data          0x00800060        0x0 d:/amit_course/masters/drive/sdk_win_64/winavr/bin/../lib/gcc/avr/4.3.3/../../../../avr/lib/avr5/crtm32.o
 .data          0x00800060        0x0 ./Switch/Switch_config.o
 .data          0x00800060        0x0 ./Switch/Switch_prog.o
 .data          0x00800060        0x0 ./SevSeg/SevSeg_config.o
 .data          0x00800060        0x0 ./SevSeg/SevSeg_prog.o
 .data          0x00800060        0x0 ./LD/LD_config.o
 .data          0x00800060        0x0 ./LD/LD_prog.o
 .data          0x00800060        0x0 ./DIO/DIO_prog.o
 .data          0x00800060        0x0 ./TMU_prog.o
 .data          0x00800060        0x0 ./main.o
 .data          0x00800060        0x0 d:/amit_course/masters/drive/sdk_win_64/winavr/bin/../lib/gcc/avr/4.3.3/avr5\libgcc.a(_udivmodqi4.o)
 .data          0x00800060        0x0 d:/amit_course/masters/drive/sdk_win_64/winavr/bin/../lib/gcc/avr/4.3.3/avr5\libgcc.a(_divmodhi4.o)
 .data          0x00800060        0x0 d:/amit_course/masters/drive/sdk_win_64/winavr/bin/../lib/gcc/avr/4.3.3/avr5\libgcc.a(_udivmodsi4.o)
 .data          0x00800060        0x0 d:/amit_course/masters/drive/sdk_win_64/winavr/bin/../lib/gcc/avr/4.3.3/avr5\libgcc.a(_exit.o)
 .data          0x00800060        0x0 d:/amit_course/masters/drive/sdk_win_64/winavr/bin/../lib/gcc/avr/4.3.3/avr5\libgcc.a(_copy_data.o)
 .data          0x00800060        0x0 d:/amit_course/masters/drive/sdk_win_64/winavr/bin/../lib/gcc/avr/4.3.3/avr5\libgcc.a(_clear_bss.o)
 .data          0x00800060        0x0 d:/amit_course/masters/drive/sdk_win_64/winavr/bin/../lib/gcc/avr/4.3.3/avr5\libgcc.a(_udivmodhi4.o)
 *(.data*)
 .data.Switch_u8SwitchesMaxNum
                0x00800060        0x1 ./Switch/Switch_config.o
                0x00800060                Switch_u8SwitchesMaxNum
 .data.Switch   0x00800061        0x9 ./Switch/Switch_config.o
                0x00800061                Switch
 .data.SevSeg_u8MaxModules
                0x0080006a        0x1 ./SevSeg/SevSeg_config.o
                0x0080006a                SevSeg_u8MaxModules
 .data.ModuleValuePins
                0x0080006b        0x1 ./SevSeg/SevSeg_config.o
                0x0080006b                ModuleValuePins
 .data.SSegModule
                0x0080006c       0x18 ./SevSeg/SevSeg_config.o
                0x0080006c                SSegModule
 .data.LD_u8LD_MaxNum
                0x00800084        0x1 ./LD/LD_config.o
                0x00800084                LD_u8LD_MaxNum
 .data.LD       0x00800085        0x6 ./LD/LD_config.o
                0x00800085                LD
 .data.Global_u8OperationMode
                0x0080008b        0x1 ./main.o
                0x0080008b                Global_u8OperationMode
 .data.Global_u8TrafficStatus
                0x0080008c        0x1 ./main.o
                0x0080008c                Global_u8TrafficStatus
 .data.Global_u8CounterMaxValue
                0x0080008d        0x1 ./main.o
                0x0080008d                Global_u8CounterMaxValue
 .data.Global_u8CounterValue
                0x0080008e        0x1 ./main.o
                0x0080008e                Global_u8CounterValue
 .data.SetupDelay.1337
                0x0080008f        0x2 ./main.o
 .data.BounceDelay.1336
                0x00800091        0x1 ./main.o
 .data.SetupDelay.1404
                0x00800092        0x2 ./main.o
 .data.BounceDelay.1403
                0x00800094        0x1 ./main.o
 *(.rodata)
 *(.rodata*)
 .rodata.C.0.1274
                0x00800095        0x3 ./main.o
 *(.gnu.linkonce.d*)
                0x00800098                . = ALIGN (0x2)
                0x00800098                _edata = .
                0x00800098                PROVIDE (__data_end, .)

.bss            0x00800098       0x46
                0x00800098                PROVIDE (__bss_start, .)
 *(.bss)
 .bss           0x00800098        0x0 d:/amit_course/masters/drive/sdk_win_64/winavr/bin/../lib/gcc/avr/4.3.3/../../../../avr/lib/avr5/crtm32.o
 .bss           0x00800098        0x0 ./Switch/Switch_config.o
 .bss           0x00800098        0x0 ./Switch/Switch_prog.o
 .bss           0x00800098        0x0 ./SevSeg/SevSeg_config.o
 .bss           0x00800098        0x0 ./SevSeg/SevSeg_prog.o
 .bss           0x00800098        0x0 ./LD/LD_config.o
 .bss           0x00800098        0x0 ./LD/LD_prog.o
 .bss           0x00800098        0x0 ./DIO/DIO_prog.o
 .bss           0x00800098        0x0 ./TMU_prog.o
 .bss           0x00800098        0x0 ./main.o
 .bss           0x00800098        0x0 d:/amit_course/masters/drive/sdk_win_64/winavr/bin/../lib/gcc/avr/4.3.3/avr5\libgcc.a(_udivmodqi4.o)
 .bss           0x00800098        0x0 d:/amit_course/masters/drive/sdk_win_64/winavr/bin/../lib/gcc/avr/4.3.3/avr5\libgcc.a(_divmodhi4.o)
 .bss           0x00800098        0x0 d:/amit_course/masters/drive/sdk_win_64/winavr/bin/../lib/gcc/avr/4.3.3/avr5\libgcc.a(_udivmodsi4.o)
 .bss           0x00800098        0x0 d:/amit_course/masters/drive/sdk_win_64/winavr/bin/../lib/gcc/avr/4.3.3/avr5\libgcc.a(_exit.o)
 .bss           0x00800098        0x0 d:/amit_course/masters/drive/sdk_win_64/winavr/bin/../lib/gcc/avr/4.3.3/avr5\libgcc.a(_copy_data.o)
 .bss           0x00800098        0x0 d:/amit_course/masters/drive/sdk_win_64/winavr/bin/../lib/gcc/avr/4.3.3/avr5\libgcc.a(_clear_bss.o)
 .bss           0x00800098        0x0 d:/amit_course/masters/drive/sdk_win_64/winavr/bin/../lib/gcc/avr/4.3.3/avr5\libgcc.a(_udivmodhi4.o)
 *(.bss*)
 .bss.TMU_u8ISRNum
                0x00800098        0x1 ./TMU_prog.o
 .bss.TMU_u8ISRCount
                0x00800099        0x1 ./TMU_prog.o
 .bss.TMU_u8Preload
                0x0080009a        0x1 ./TMU_prog.o
 .bss.All_Tasks
                0x0080009b       0x38 ./TMU_prog.o
 .bss.TMU_u32OsTicks
                0x008000d3        0x4 ./TMU_prog.o
 .bss.hold.1335
                0x008000d7        0x1 ./main.o
 .bss.press.1334
                0x008000d8        0x1 ./main.o
 .bss.hold.1402
                0x008000d9        0x1 ./main.o
 .bss.press.1401
                0x008000da        0x1 ./main.o
 .bss.Local_u8PrevStatus.1484
                0x008000db        0x1 ./main.o
 .bss.Local_u8PrevStatus.1495
                0x008000dc        0x1 ./main.o
 .bss.Local_u8PrevStatus.1506
                0x008000dd        0x1 ./main.o
 *(COMMON)
                0x008000de                PROVIDE (__bss_end, .)
                0x00001950                __data_load_start = LOADADDR (.data)
                0x00001988                __data_load_end = (__data_load_start + SIZEOF (.data))

.noinit         0x008000de        0x0
                0x008000de                PROVIDE (__noinit_start, .)
 *(.noinit*)
                0x008000de                PROVIDE (__noinit_end, .)
                0x008000de                _end = .
                0x008000de                PROVIDE (__heap_start, .)

.eeprom         0x00810000        0x0
 *(.eeprom*)
                0x00810000                __eeprom_end = .

.fuse
 *(.fuse)
 *(.lfuse)
 *(.hfuse)
 *(.efuse)

.lock
 *(.lock*)

.signature
 *(.signature*)

.stab           0x00000000     0x2940
 *(.stab)
 .stab          0x00000000      0x1ec ./Switch/Switch_config.o
 .stab          0x000001ec      0x4bc ./Switch/Switch_prog.o
                                0x4e0 (size before relaxing)
 .stab          0x000006a8      0x210 ./SevSeg/SevSeg_config.o
                                0x21c (size before relaxing)
 .stab          0x000008b8      0x63c ./SevSeg/SevSeg_prog.o
                                0x690 (size before relaxing)
 .stab          0x00000ef4      0x1e0 ./LD/LD_config.o
                                0x1ec (size before relaxing)
 .stab          0x000010d4      0x2a0 ./LD/LD_prog.o
                                0x33c (size before relaxing)
 .stab          0x00001374      0x654 ./DIO/DIO_prog.o
                                0x660 (size before relaxing)
 .stab          0x000019c8      0x51c ./TMU_prog.o
                                0x528 (size before relaxing)
 .stab          0x00001ee4      0xa5c ./main.o
                                0xae0 (size before relaxing)

.stabstr        0x00000000     0x1920
 *(.stabstr)
 .stabstr       0x00000000     0x1920 ./Switch/Switch_config.o

.stab.excl
 *(.stab.excl)

.stab.exclstr
 *(.stab.exclstr)

.stab.index
 *(.stab.index)

.stab.indexstr
 *(.stab.indexstr)

.comment
 *(.comment)

.debug
 *(.debug)

.line
 *(.line)

.debug_srcinfo
 *(.debug_srcinfo)

.debug_sfnames
 *(.debug_sfnames)

.debug_aranges
 *(.debug_aranges)

.debug_pubnames
 *(.debug_pubnames)

.debug_info
 *(.debug_info)
 *(.gnu.linkonce.wi.*)

.debug_abbrev
 *(.debug_abbrev)

.debug_line
 *(.debug_line)

.debug_frame
 *(.debug_frame)

.debug_str
 *(.debug_str)

.debug_loc
 *(.debug_loc)

.debug_macinfo
 *(.debug_macinfo)
OUTPUT(TrafficLights.elf elf32-avr)
LOAD linker stubs
